// Jest Snapshot v1, https://goo.gl/fbAQLP

exports[`the VideoTrackInfo component should render correctly if a video track is present 1`] = `
<Fragment>
  <Memo(Datum)
    label="Dimensions"
    value="1280 x 720"
  />
  <Memo(Datum)
    label="isSwitchedOff"
    value={false}
  />
  <Memo(Datum)
    label="isEnabled"
    value={true}
  />
  <Memo(Datum)
    label="Bandwidth"
    value="1,234.56kbps"
  />
  <Memo(Datum)
    label="Codec"
    value="testCodec"
  />
  <Memo(Datum)
    label="Framerate"
    value={null}
  />
  <Memo(Datum)
    label="Packets Lost"
    value={7}
  />
  <Memo(Datum)
    label="Packet Loss Percentage"
    value={null}
  />
  <Memo(MediaStreamTrackInfo) />
</Fragment>
`;

exports[`the VideoTrackPublicationInfo component should render correctly 1`] = `
<Memo(styled.div)>
  <Memo(Datum)
    label="Name"
    value="testName"
  />
  <Memo(Datum)
    label="SID"
    value="testSid"
  />
  <Memo(Datum)
    label="isSubscribed"
    value={true}
  />
  <Memo(Datum)
    label="publishPriority"
    value="standard"
  />
  <VideoTrackInfo
    track="testTrack"
    trackSid="testSid"
  />
</Memo(styled.div)>
`;
