// Jest Snapshot v1, https://goo.gl/fbAQLP

exports[`The RoomInfo component should render information about the room if connected to a Twilio Video room 1`] = `
<div>
  <styled.h4>
    Room information:
  </styled.h4>
  <Datum
    label="Room Name"
    value="test123"
  />
  <Datum
    label="SID"
    value="XXXXXXXXXXXXX1234"
  />
  <Datum
    label="State"
    value="connected"
  />
  <Datum
    label="Dominant Speaker"
    value="null"
  />
  <Datum
    label="Media Region"
    value="testRegion"
  />
  <Datum
    label="Is Recording"
    value="false"
  />
  <Datum
    label="Processors"
    value="undefined"
  />
</div>
`;
