// Jest Snapshot v1, https://goo.gl/fbAQLP

exports[`The RoomInfo component should render information about the room if connected to a Twilio Video room 1`] = `
<div
  style={
    Object {
      "marginBottom": "1em",
    }
  }
>
  <Memo(styled.h3)>
    Room information:
  </Memo(styled.h3)>
  <Memo(Datum)
    label="Room Name"
    value="test123"
  />
  <Memo(Datum)
    label="SID"
    value="XXXXXXXXXXXXX1234"
  />
  <Memo(Datum)
    label="State"
    value="connected"
  />
  <Memo(Datum)
    label="Dominant Speaker"
    value={null}
  />
  <Memo(Datum)
    label="Media Region"
    value="testRegion"
  />
  <Memo(Datum)
    label="Is Recording"
    value="false"
  />
  <Memo(Datum)
    label="Total Sent Bandwidth"
    value="6,543.21kbps"
  />
  <Memo(Datum)
    label="Total Received Bandwidth"
    value="1,234.56kbps"
  />
  <Accordion
    label="Connection Options"
  >
    <Memo(NestedObject)
      label="Audio"
      obj={true}
    />
    <Memo(Datum)
      label="Automatic Subscription"
      value={true}
    />
    <Memo(NestedObject)
      label="Bandwidth Profile"
      obj="mockBandwidthProfile"
    />
    <Memo(Datum)
      label="Dominant Speaker"
      value={true}
    />
    <Memo(Datum)
      label="DSCP Tagging"
      value={true}
    />
    <Memo(Datum)
      label="Enable DSCP"
      value={false}
    />
    <Memo(ArrayData)
      arr={Array []}
      label="Ice Servers"
    />
    <Memo(NestedObject)
      label="Ice Transport Policy"
    />
    <Memo(Datum)
      label="Insights"
      value={true}
    />
    <Memo(Datum)
      label="Max Audio Bitrate"
      value={1600}
    />
    <Memo(Datum)
      label="Max Video Bitrate"
      value={null}
    />
    <Memo(Datum)
      label="Name"
      value="testRoom"
    />
    <Memo(NestedObject)
      label="Network Quality"
      obj={true}
    />
    <Memo(Datum)
      label="Region"
      value="testRegion"
    />
    <Memo(ArrayData)
      arr={
        Array [
          "PCMU",
        ]
      }
      label="Preferred Audio Codecs"
    />
    <Memo(ArrayData)
      arr={
        Array [
          "VP8",
        ]
      }
      label="Preferred Video Codecs"
    />
    <Memo(Datum)
      label="Logger Name"
      value="logger-twilio-video"
    />
    <Memo(ConnectionOptionTracks)
      tracks={
        Array [
          "mockTrack",
        ]
      }
    />
    <Memo(NestedObject)
      label="Video"
      obj={true}
    />
  </Accordion>
</div>
`;
